../Core/Src/main.c:108:10:ADC_LerCanal	40	static
../Core/Src/main.c:126:7:lerTemperatura	24	static
../Core/Src/main.c:140:7:lerUmidade	16	static
../Core/Src/main.c:151:6:Servo_SetAngle	16	static
../Core/Src/main.c:157:6:Motor_Ligar	16	static
../Core/Src/main.c:165:6:Motor_Desligar	8	static
../Core/Src/main.c:172:6:Fan_On	8	static
../Core/Src/main.c:173:6:Fan_Off	8	static
../Core/Src/main.c:178:6:Bomba_On	8	static
../Core/Src/main.c:179:6:Bomba_Off	8	static
../Core/Src/main.c:184:6:UART_Log	248	static
../Core/Src/main.c:203:5:main	360	static
../Core/Src/main.c:350:6:SystemClock_Config	88	static
../Core/Src/main.c:392:13:MX_ADC1_Init	24	static
../Core/Src/main.c:444:13:MX_TIM1_Init	96	static
../Core/Src/main.c:519:13:MX_USART2_UART_Init	8	static
../Core/Src/main.c:552:13:MX_GPIO_Init	40	static
../Core/Src/main.c:590:6:Error_Handler	4	static,ignoring_inline_asm
