../Core/Src/main.c:66:6:HAL_GPIO_EXTI_Callback	24	static
../Core/Src/main.c:80:6:Servo_SetAngle	16	static
../Core/Src/main.c:84:6:Motor_Ligar	16	static
../Core/Src/main.c:90:6:Motor_Desligar	8	static
../Core/Src/main.c:91:6:Fan_On	8	static
../Core/Src/main.c:92:6:Fan_Off	8	static
../Core/Src/main.c:93:6:Bomba_On	8	static
../Core/Src/main.c:94:6:Bomba_Off	8	static
../Core/Src/main.c:96:6:UART_Log	248	static
../Core/Src/main.c:108:5:main	88	static
../Core/Src/main.c:200:6:SystemClock_Config	88	static
../Core/Src/main.c:223:13:MX_ADC1_Init	24	static
../Core/Src/main.c:246:13:MX_TIM1_Init	96	static
../Core/Src/main.c:291:13:MX_USART2_UART_Init	8	static
../Core/Src/main.c:304:13:MX_GPIO_Init	40	static
../Core/Src/main.c:331:6:Error_Handler	4	static,ignoring_inline_asm
